-- The C compiler identification is GNU 13.3.0
-- The CXX compiler identification is GNU 13.3.0
-- Detecting C compiler ABI info
-- Detecting C compiler ABI info - done
-- Check for working C compiler: /usr/lib/ccache/cc - skipped
-- Detecting C compile features
-- Detecting C compile features - done
-- Detecting CXX compiler ABI info
-- Detecting CXX compiler ABI info - done
-- Check for working CXX compiler: /usr/lib/ccache/c++ - skipped
-- Detecting CXX compile features
-- Detecting CXX compile features - done
-- Found Python3: /home/ubuntu/.venv/blue/bin/python3 (found version "3.12.3") found components: Interpreter 
-- Found ament_cmake: 2.5.4 (/opt/ros/jazzy/share/ament_cmake/cmake)
-- Found rclcpp: 28.1.12 (/opt/ros/jazzy/share/rclcpp/cmake)
-- Found rosidl_generator_c: 4.6.6 (/opt/ros/jazzy/share/rosidl_generator_c/cmake)
-- Found rosidl_generator_cpp: 4.6.6 (/opt/ros/jazzy/share/rosidl_generator_cpp/cmake)
-- Using all available rosidl_typesupport_c: rosidl_typesupport_fastrtps_c;rosidl_typesupport_introspection_c
-- Using all available rosidl_typesupport_cpp: rosidl_typesupport_fastrtps_cpp;rosidl_typesupport_introspection_cpp
-- Found rmw_implementation_cmake: 7.3.2 (/opt/ros/jazzy/share/rmw_implementation_cmake/cmake)
-- Found rmw_fastrtps_cpp: 8.4.3 (/opt/ros/jazzy/share/rmw_fastrtps_cpp/cmake)
-- Found OpenSSL: /usr/lib/x86_64-linux-gnu/libcrypto.so (found version "3.0.13")  
-- Found FastRTPS: /opt/ros/jazzy/include (Required is at least version "2.13") 
-- Using RMW implementation 'rmw_fastrtps_cpp' as default
-- Found rclpy: 7.1.5 (/opt/ros/jazzy/share/rclpy/cmake)
-- Found std_msgs: 5.3.6 (/opt/ros/jazzy/share/std_msgs/cmake)
-- Found sensor_msgs: 5.3.6 (/opt/ros/jazzy/share/sensor_msgs/cmake)
-- Found cv_bridge: 4.1.0 (/opt/ros/jazzy/share/cv_bridge/cmake)
-- Found OpenCV: /usr (found suitable version "4.6.0", minimum required is "4.6") 
-- Performing Test CMAKE_HAVE_LIBC_PTHREAD
-- Performing Test CMAKE_HAVE_LIBC_PTHREAD - Success
-- Found Threads: TRUE  
-- Found OpenGL: /usr/lib/x86_64-linux-gnu/libOpenGL.so  found components: OpenGL 
-- Found image_transport: 5.1.7 (/opt/ros/jazzy/share/image_transport/cmake)
-- Configuring done (2.5s)
-- Generating done (0.1s)
-- Build files have been written to: /home/ubuntu/ws_blue/src/slam-wrapper-v2/build/ros2_orb_slam3
[  5%] [32mBuilding CXX object CMakeFiles/orb_slam3_lib.dir/orb_slam3/src/Tracking.cc.o[0m
[  5%] [32mBuilding CXX object CMakeFiles/orb_slam3_lib.dir/orb_slam3/src/System.cc.o[0m
[  7%] [32mBuilding CXX object CMakeFiles/orb_slam3_lib.dir/orb_slam3/src/ORBmatcher.cc.o[0m
[ 13%] [32mBuilding CXX object CMakeFiles/orb_slam3_lib.dir/orb_slam3/src/LoopClosing.cc.o[0m
[ 13%] [32mBuilding CXX object CMakeFiles/orb_slam3_lib.dir/orb_slam3/src/LocalMapping.cc.o[0m
[ 15%] [32mBuilding CXX object CMakeFiles/orb_slam3_lib.dir/orb_slam3/src/FrameDrawer.cc.o[0m
[ 18%] [32mBuilding CXX object CMakeFiles/orb_slam3_lib.dir/orb_slam3/src/Converter.cc.o[0m
[ 21%] [32mBuilding CXX object CMakeFiles/orb_slam3_lib.dir/orb_slam3/src/MapPoint.cc.o[0m
[ 23%] [32mBuilding CXX object CMakeFiles/orb_slam3_lib.dir/orb_slam3/src/Atlas.cc.o[0m
[ 28%] [32mBuilding CXX object CMakeFiles/orb_slam3_lib.dir/orb_slam3/src/KeyFrame.cc.o[0m
[ 28%] [32mBuilding CXX object CMakeFiles/orb_slam3_lib.dir/orb_slam3/src/Map.cc.o[0m
[ 31%] [32mBuilding CXX object CMakeFiles/orb_slam3_lib.dir/orb_slam3/src/MapDrawer.cc.o[0m
[ 34%] [32mBuilding CXX object CMakeFiles/orb_slam3_lib.dir/orb_slam3/src/Optimizer.cc.o[0m
[ 36%] [32mBuilding CXX object CMakeFiles/orb_slam3_lib.dir/orb_slam3/src/ORBextractor.cc.o[0m
[ 39%] [32mBuilding CXX object CMakeFiles/orb_slam3_lib.dir/orb_slam3/src/Frame.cc.o[0m
[ 39%] Built target ament_cmake_python_copy_ros2_orb_slam3
[ 42%] [32mBuilding CXX object CMakeFiles/orb_slam3_lib.dir/orb_slam3/src/KeyFrameDatabase.cc.o[0m
[ 44%] [32mBuilding CXX object CMakeFiles/orb_slam3_lib.dir/orb_slam3/src/Sim3Solver.cc.o[0m
[ 47%] [32mBuilding CXX object CMakeFiles/orb_slam3_lib.dir/orb_slam3/src/Viewer.cc.o[0m
[ 50%] [32mBuilding CXX object CMakeFiles/orb_slam3_lib.dir/orb_slam3/src/ImuTypes.cc.o[0m
[ 52%] [32mBuilding CXX object CMakeFiles/orb_slam3_lib.dir/orb_slam3/src/G2oTypes.cc.o[0m
[ 55%] [32mBuilding CXX object CMakeFiles/orb_slam3_lib.dir/orb_slam3/src/CameraModels/Pinhole.cpp.o[0m
[ 57%] [32mBuilding CXX object CMakeFiles/orb_slam3_lib.dir/orb_slam3/src/CameraModels/KannalaBrandt8.cpp.o[0m
[ 63%] [32mBuilding CXX object CMakeFiles/orb_slam3_lib.dir/orb_slam3/src/OptimizableTypes.cpp.o[0m
[ 63%] [32mBuilding CXX object CMakeFiles/orb_slam3_lib.dir/orb_slam3/src/MLPnPsolver.cpp.o[0m
[ 65%] [32mBuilding CXX object CMakeFiles/orb_slam3_lib.dir/orb_slam3/src/GeometricTools.cc.o[0m
[ 68%] [32mBuilding CXX object CMakeFiles/orb_slam3_lib.dir/orb_slam3/src/TwoViewReconstruction.cc.o[0m
[ 71%] [32mBuilding CXX object CMakeFiles/orb_slam3_lib.dir/orb_slam3/src/Config.cc.o[0m
[ 73%] [32mBuilding CXX object CMakeFiles/orb_slam3_lib.dir/orb_slam3/src/Settings.cc.o[0m
running egg_info
creating ros2_orb_slam3.egg-info
writing ros2_orb_slam3.egg-info/PKG-INFO
writing dependency_links to ros2_orb_slam3.egg-info/dependency_links.txt
writing top-level names to ros2_orb_slam3.egg-info/top_level.txt
writing manifest file 'ros2_orb_slam3.egg-info/SOURCES.txt'
reading manifest file 'ros2_orb_slam3.egg-info/SOURCES.txt'
writing manifest file 'ros2_orb_slam3.egg-info/SOURCES.txt'
[ 73%] Built target ament_cmake_python_build_ros2_orb_slam3_egg
[ 76%] [32m[1mLinking CXX shared library liborb_slam3_lib.so[0m
[ 76%] Built target orb_slam3_lib
[ 92%] [32mBuilding CXX object CMakeFiles/realsense_node_cpp.dir/src/realsense_node.cpp.o[0m
[ 92%] [32mBuilding CXX object CMakeFiles/realsense_node_cpp.dir/src/common_realsense.cpp.o[0m
[ 92%] [32mBuilding CXX object CMakeFiles/mono_inertial_node_cpp.dir/src/common_mono_inertial.cpp.o[0m
[ 92%] [32mBuilding CXX object CMakeFiles/mono_node_cpp.dir/src/common.cpp.o[0m
[ 92%] [32mBuilding CXX object CMakeFiles/mono_node_cpp.dir/src/mono_example.cpp.o[0m
[ 92%] [32mBuilding CXX object CMakeFiles/mono_inertial_node_cpp.dir/src/mono_inertial_node.cpp.o[0m
[ 94%] [32m[1mLinking CXX executable realsense_node_cpp[0m
[ 97%] [32m[1mLinking CXX executable mono_inertial_node_cpp[0m
[100%] [32m[1mLinking CXX executable mono_node_cpp[0m
[100%] Built target realsense_node_cpp
[100%] Built target mono_inertial_node_cpp
[100%] Built target mono_node_cpp
-- Install configuration: ""
-- Installing: /home/ubuntu/ws_blue/src/slam-wrapper-v2/install/ros2_orb_slam3/lib/libDBoW2.so
-- Installing: /home/ubuntu/ws_blue/src/slam-wrapper-v2/install/ros2_orb_slam3/lib/libg2o.so
-- Installing: /home/ubuntu/ws_blue/src/slam-wrapper-v2/install/ros2_orb_slam3/include
-- Installing: /home/ubuntu/ws_blue/src/slam-wrapper-v2/install/ros2_orb_slam3/include/ros2_orb_slam3
-- Installing: /home/ubuntu/ws_blue/src/slam-wrapper-v2/install/ros2_orb_slam3/include/ros2_orb_slam3/common.hpp
-- Installing: /home/ubuntu/ws_blue/src/slam-wrapper-v2/install/ros2_orb_slam3/include/ros2_orb_slam3/common_mono_inertial.hpp
-- Installing: /home/ubuntu/ws_blue/src/slam-wrapper-v2/install/ros2_orb_slam3/include/ros2_orb_slam3/common_realsense.hpp
-- Installing: /home/ubuntu/ws_blue/src/slam-wrapper-v2/install/ros2_orb_slam3/share/ros2_orb_slam3//launch
-- Installing: /home/ubuntu/ws_blue/src/slam-wrapper-v2/install/ros2_orb_slam3/share/ros2_orb_slam3//launch/mono-inertial.launch.py
-- Installing: /home/ubuntu/ws_blue/src/slam-wrapper-v2/install/ros2_orb_slam3/share/ros2_orb_slam3//launch/full_system.launch.py
-- Installing: /home/ubuntu/ws_blue/src/slam-wrapper-v2/install/ros2_orb_slam3/share/ros2_orb_slam3//launch/orbslam.launch.py
-- Installing: /home/ubuntu/ws_blue/src/slam-wrapper-v2/install/ros2_orb_slam3/lib/ros2_orb_slam3/mono_node_cpp
-- Set non-toolchain portion of runtime path of "/home/ubuntu/ws_blue/src/slam-wrapper-v2/install/ros2_orb_slam3/lib/ros2_orb_slam3/mono_node_cpp" to ""
-- Installing: /home/ubuntu/ws_blue/src/slam-wrapper-v2/install/ros2_orb_slam3/lib/ros2_orb_slam3/mono_inertial_node_cpp
-- Set non-toolchain portion of runtime path of "/home/ubuntu/ws_blue/src/slam-wrapper-v2/install/ros2_orb_slam3/lib/ros2_orb_slam3/mono_inertial_node_cpp" to ""
-- Installing: /home/ubuntu/ws_blue/src/slam-wrapper-v2/install/ros2_orb_slam3/lib/ros2_orb_slam3/realsense_node_cpp
-- Set non-toolchain portion of runtime path of "/home/ubuntu/ws_blue/src/slam-wrapper-v2/install/ros2_orb_slam3/lib/ros2_orb_slam3/realsense_node_cpp" to ""
-- Installing: /home/ubuntu/ws_blue/src/slam-wrapper-v2/install/ros2_orb_slam3/lib/liborb_slam3_lib.so.
-- Set non-toolchain portion of runtime path of "/home/ubuntu/ws_blue/src/slam-wrapper-v2/install/ros2_orb_slam3/lib/liborb_slam3_lib.so." to ""
-- Installing: /home/ubuntu/ws_blue/src/slam-wrapper-v2/install/ros2_orb_slam3/lib/liborb_slam3_lib.so
-- Installing: /home/ubuntu/ws_blue/src/slam-wrapper-v2/install/ros2_orb_slam3/share/ros2_orb_slam3/environment/pythonpath.sh
-- Installing: /home/ubuntu/ws_blue/src/slam-wrapper-v2/install/ros2_orb_slam3/share/ros2_orb_slam3/environment/pythonpath.dsv
-- Installing: /home/ubuntu/ws_blue/src/slam-wrapper-v2/install/ros2_orb_slam3/lib/python3.12/site-packages/ros2_orb_slam3-1.5.0-py3.12.egg-info
-- Installing: /home/ubuntu/ws_blue/src/slam-wrapper-v2/install/ros2_orb_slam3/lib/python3.12/site-packages/ros2_orb_slam3-1.5.0-py3.12.egg-info/dependency_links.txt
-- Installing: /home/ubuntu/ws_blue/src/slam-wrapper-v2/install/ros2_orb_slam3/lib/python3.12/site-packages/ros2_orb_slam3-1.5.0-py3.12.egg-info/PKG-INFO
-- Installing: /home/ubuntu/ws_blue/src/slam-wrapper-v2/install/ros2_orb_slam3/lib/python3.12/site-packages/ros2_orb_slam3-1.5.0-py3.12.egg-info/top_level.txt
-- Installing: /home/ubuntu/ws_blue/src/slam-wrapper-v2/install/ros2_orb_slam3/lib/python3.12/site-packages/ros2_orb_slam3-1.5.0-py3.12.egg-info/SOURCES.txt
-- Installing: /home/ubuntu/ws_blue/src/slam-wrapper-v2/install/ros2_orb_slam3/lib/python3.12/site-packages/ros2_orb_slam3
-- Installing: /home/ubuntu/ws_blue/src/slam-wrapper-v2/install/ros2_orb_slam3/lib/python3.12/site-packages/ros2_orb_slam3/__init__.py
Listing '/home/ubuntu/ws_blue/src/slam-wrapper-v2/install/ros2_orb_slam3/lib/python3.12/site-packages/ros2_orb_slam3'...
Compiling '/home/ubuntu/ws_blue/src/slam-wrapper-v2/install/ros2_orb_slam3/lib/python3.12/site-packages/ros2_orb_slam3/__init__.py'...
-- Installing: /home/ubuntu/ws_blue/src/slam-wrapper-v2/install/ros2_orb_slam3/lib/ros2_orb_slam3/mono_driver_node.py
-- Installing: /home/ubuntu/ws_blue/src/slam-wrapper-v2/install/ros2_orb_slam3/share/ament_index/resource_index/package_run_dependencies/ros2_orb_slam3
-- Installing: /home/ubuntu/ws_blue/src/slam-wrapper-v2/install/ros2_orb_slam3/share/ament_index/resource_index/parent_prefix_path/ros2_orb_slam3
-- Installing: /home/ubuntu/ws_blue/src/slam-wrapper-v2/install/ros2_orb_slam3/share/ros2_orb_slam3/environment/ament_prefix_path.sh
-- Installing: /home/ubuntu/ws_blue/src/slam-wrapper-v2/install/ros2_orb_slam3/share/ros2_orb_slam3/environment/ament_prefix_path.dsv
-- Installing: /home/ubuntu/ws_blue/src/slam-wrapper-v2/install/ros2_orb_slam3/share/ros2_orb_slam3/environment/path.sh
-- Installing: /home/ubuntu/ws_blue/src/slam-wrapper-v2/install/ros2_orb_slam3/share/ros2_orb_slam3/environment/path.dsv
-- Installing: /home/ubuntu/ws_blue/src/slam-wrapper-v2/install/ros2_orb_slam3/share/ros2_orb_slam3/local_setup.bash
-- Installing: /home/ubuntu/ws_blue/src/slam-wrapper-v2/install/ros2_orb_slam3/share/ros2_orb_slam3/local_setup.sh
-- Installing: /home/ubuntu/ws_blue/src/slam-wrapper-v2/install/ros2_orb_slam3/share/ros2_orb_slam3/local_setup.zsh
-- Installing: /home/ubuntu/ws_blue/src/slam-wrapper-v2/install/ros2_orb_slam3/share/ros2_orb_slam3/local_setup.dsv
-- Installing: /home/ubuntu/ws_blue/src/slam-wrapper-v2/install/ros2_orb_slam3/share/ros2_orb_slam3/package.dsv
-- Installing: /home/ubuntu/ws_blue/src/slam-wrapper-v2/install/ros2_orb_slam3/share/ament_index/resource_index/packages/ros2_orb_slam3
-- Installing: /home/ubuntu/ws_blue/src/slam-wrapper-v2/install/ros2_orb_slam3/share/ros2_orb_slam3/cmake/ament_cmake_export_include_directories-extras.cmake
-- Installing: /home/ubuntu/ws_blue/src/slam-wrapper-v2/install/ros2_orb_slam3/share/ros2_orb_slam3/cmake/ament_cmake_export_dependencies-extras.cmake
-- Installing: /home/ubuntu/ws_blue/src/slam-wrapper-v2/install/ros2_orb_slam3/share/ros2_orb_slam3/cmake/ros2_orb_slam3Config.cmake
-- Installing: /home/ubuntu/ws_blue/src/slam-wrapper-v2/install/ros2_orb_slam3/share/ros2_orb_slam3/cmake/ros2_orb_slam3Config-version.cmake
-- Installing: /home/ubuntu/ws_blue/src/slam-wrapper-v2/install/ros2_orb_slam3/share/ros2_orb_slam3/package.xml
