[0.316s] DEBUG:colcon:Command line arguments: ['/usr/lib/python3/dist-packages/colcon/__main__.py', 'build']
[0.316s] DEBUG:colcon:Parsed command line arguments: Namespace(log_base=None, log_level=None, verb_name='build', build_base='build', install_base='install', merge_install=False, symlink_install=False, test_result_base=None, continue_on_error=False, executor='parallel', parallel_workers=16, event_handlers=None, ignore_user_meta=False, metas=['./colcon.meta'], base_paths=['.'], packages_ignore=None, packages_ignore_regex=None, paths=None, packages_up_to=None, packages_up_to_regex=None, packages_above=None, packages_above_and_dependencies=None, packages_above_depth=None, packages_select_by_dep=None, packages_skip_by_dep=None, packages_skip_up_to=None, packages_select_build_failed=False, packages_skip_build_finished=False, packages_select_test_failures=False, packages_skip_test_passed=False, packages_select=None, packages_skip=None, packages_select_regex=None, packages_skip_regex=None, packages_start=None, packages_end=None, cmake_args=None, cmake_target=None, cmake_target_skip_unavailable=False, cmake_clean_cache=False, cmake_clean_first=False, cmake_force_configure=False, ament_cmake_args=None, catkin_cmake_args=None, catkin_skip_building_tests=False, mixin_files=None, mixin=None, verb_parser=<colcon_mixin.mixin.mixin_argument.MixinArgumentDecorator object at 0x78151edab9e0>, verb_extension=<colcon_core.verb.build.BuildVerb object at 0x78151ef25f10>, main=<bound method BuildVerb.main of <colcon_core.verb.build.BuildVerb object at 0x78151ef25f10>>, mixin_verb=('build',))
[0.384s] Level 1:colcon.colcon_core.package_discovery:discover_packages(colcon_meta) check parameters
[0.384s] Level 1:colcon.colcon_core.package_discovery:discover_packages(recursive) check parameters
[0.384s] Level 1:colcon.colcon_core.package_discovery:discover_packages(ignore) check parameters
[0.384s] Level 1:colcon.colcon_core.package_discovery:discover_packages(path) check parameters
[0.384s] Level 1:colcon.colcon_core.package_discovery:discover_packages(colcon_meta) discover
[0.384s] Level 1:colcon.colcon_core.package_discovery:discover_packages(recursive) discover
[0.384s] INFO:colcon.colcon_core.package_discovery:Crawling recursively for packages in '/home/ubuntu/ws_blue/src/slam-wrapper-v2'
[0.384s] Level 1:colcon.colcon_core.package_identification:_identify(.) by extensions ['ignore', 'ignore_ament_install']
[0.384s] Level 1:colcon.colcon_core.package_identification:_identify(.) by extension 'ignore'
[0.384s] Level 1:colcon.colcon_core.package_identification:_identify(.) by extension 'ignore_ament_install'
[0.385s] Level 1:colcon.colcon_core.package_identification:_identify(.) by extensions ['colcon_pkg']
[0.385s] Level 1:colcon.colcon_core.package_identification:_identify(.) by extension 'colcon_pkg'
[0.385s] Level 1:colcon.colcon_core.package_identification:_identify(.) by extensions ['colcon_meta']
[0.385s] Level 1:colcon.colcon_core.package_identification:_identify(.) by extension 'colcon_meta'
[0.385s] Level 1:colcon.colcon_core.package_identification:_identify(.) by extensions ['ros']
[0.385s] Level 1:colcon.colcon_core.package_identification:_identify(.) by extension 'ros'
[0.425s] DEBUG:colcon.colcon_core.package_identification:Package '.' with type 'ros.ament_cmake' and name 'ros2_orb_slam3'
[0.425s] Level 1:colcon.colcon_core.package_discovery:discover_packages(recursive) using defaults
[0.425s] Level 1:colcon.colcon_core.package_discovery:discover_packages(ignore) discover
[0.425s] Level 1:colcon.colcon_core.package_discovery:discover_packages(ignore) using defaults
[0.425s] Level 1:colcon.colcon_core.package_discovery:discover_packages(path) discover
[0.425s] Level 1:colcon.colcon_core.package_discovery:discover_packages(path) using defaults
[0.453s] Level 5:colcon.colcon_core.verb:set package 'ros2_orb_slam3' build argument 'cmake_args' from command line to 'None'
[0.453s] Level 5:colcon.colcon_core.verb:set package 'ros2_orb_slam3' build argument 'cmake_target' from command line to 'None'
[0.453s] Level 5:colcon.colcon_core.verb:set package 'ros2_orb_slam3' build argument 'cmake_target_skip_unavailable' from command line to 'False'
[0.453s] Level 5:colcon.colcon_core.verb:set package 'ros2_orb_slam3' build argument 'cmake_clean_cache' from command line to 'False'
[0.453s] Level 5:colcon.colcon_core.verb:set package 'ros2_orb_slam3' build argument 'cmake_clean_first' from command line to 'False'
[0.453s] Level 5:colcon.colcon_core.verb:set package 'ros2_orb_slam3' build argument 'cmake_force_configure' from command line to 'False'
[0.453s] Level 5:colcon.colcon_core.verb:set package 'ros2_orb_slam3' build argument 'ament_cmake_args' from command line to 'None'
[0.453s] Level 5:colcon.colcon_core.verb:set package 'ros2_orb_slam3' build argument 'catkin_cmake_args' from command line to 'None'
[0.453s] Level 5:colcon.colcon_core.verb:set package 'ros2_orb_slam3' build argument 'catkin_skip_building_tests' from command line to 'False'
[0.453s] DEBUG:colcon.colcon_core.verb:Building package 'ros2_orb_slam3' with the following arguments: {'ament_cmake_args': None, 'build_base': '/home/ubuntu/ws_blue/src/slam-wrapper-v2/build/ros2_orb_slam3', 'catkin_cmake_args': None, 'catkin_skip_building_tests': False, 'cmake_args': None, 'cmake_clean_cache': False, 'cmake_clean_first': False, 'cmake_force_configure': False, 'cmake_target': None, 'cmake_target_skip_unavailable': False, 'install_base': '/home/ubuntu/ws_blue/src/slam-wrapper-v2/install/ros2_orb_slam3', 'merge_install': False, 'path': '/home/ubuntu/ws_blue/src/slam-wrapper-v2', 'symlink_install': False, 'test_result_base': None}
[0.453s] INFO:colcon.colcon_core.executor:Executing jobs using 'parallel' executor
[0.454s] DEBUG:colcon.colcon_parallel_executor.executor.parallel:run_until_complete
[0.455s] INFO:colcon.colcon_ros.task.ament_cmake.build:Building ROS package in '/home/ubuntu/ws_blue/src/slam-wrapper-v2' with build type 'ament_cmake'
[0.455s] INFO:colcon.colcon_cmake.task.cmake.build:Building CMake package in '/home/ubuntu/ws_blue/src/slam-wrapper-v2'
[0.459s] INFO:colcon.colcon_core.plugin_system:Skipping extension 'colcon_core.shell.bat': Not used on non-Windows systems
[0.459s] INFO:colcon.colcon_core.shell:Skip shell extension 'powershell' for command environment: Not usable outside of PowerShell
[0.460s] DEBUG:colcon.colcon_core.shell:Skip shell extension 'dsv' for command environment
[0.479s] DEBUG:colcon.colcon_core.event_handler.log_command:Invoking command in '/home/ubuntu/ws_blue/src/slam-wrapper-v2/build/ros2_orb_slam3': CMAKE_PREFIX_PATH=${CMAKE_PREFIX_PATH}:/home/ubuntu/ws_blue/install/blue_localization:/opt/ros/jazzy DEBUGINFOD_URLS=https://debuginfod.ubuntu.com VIRTUAL_ENV_PROMPT=(blue) /usr/bin/cmake /home/ubuntu/ws_blue/src/slam-wrapper-v2 -DCMAKE_INSTALL_PREFIX=/home/ubuntu/ws_blue/src/slam-wrapper-v2/install/ros2_orb_slam3
[3.087s] DEBUG:colcon.colcon_core.event_handler.log_command:Invoked command in '/home/ubuntu/ws_blue/src/slam-wrapper-v2/build/ros2_orb_slam3' returned '0': CMAKE_PREFIX_PATH=${CMAKE_PREFIX_PATH}:/home/ubuntu/ws_blue/install/blue_localization:/opt/ros/jazzy DEBUGINFOD_URLS=https://debuginfod.ubuntu.com VIRTUAL_ENV_PROMPT=(blue) /usr/bin/cmake /home/ubuntu/ws_blue/src/slam-wrapper-v2 -DCMAKE_INSTALL_PREFIX=/home/ubuntu/ws_blue/src/slam-wrapper-v2/install/ros2_orb_slam3
[3.088s] DEBUG:colcon.colcon_core.event_handler.log_command:Invoking command in '/home/ubuntu/ws_blue/src/slam-wrapper-v2/build/ros2_orb_slam3': CMAKE_PREFIX_PATH=${CMAKE_PREFIX_PATH}:/home/ubuntu/ws_blue/install/blue_localization:/opt/ros/jazzy DEBUGINFOD_URLS=https://debuginfod.ubuntu.com VIRTUAL_ENV_PROMPT=(blue) /usr/bin/cmake --build /home/ubuntu/ws_blue/src/slam-wrapper-v2/build/ros2_orb_slam3 -- -j16 -l16
[23.133s] DEBUG:colcon.colcon_core.event_handler.log_command:Invoked command in '/home/ubuntu/ws_blue/src/slam-wrapper-v2/build/ros2_orb_slam3' returned '0': CMAKE_PREFIX_PATH=${CMAKE_PREFIX_PATH}:/home/ubuntu/ws_blue/install/blue_localization:/opt/ros/jazzy DEBUGINFOD_URLS=https://debuginfod.ubuntu.com VIRTUAL_ENV_PROMPT=(blue) /usr/bin/cmake --build /home/ubuntu/ws_blue/src/slam-wrapper-v2/build/ros2_orb_slam3 -- -j16 -l16
[23.146s] DEBUG:colcon.colcon_core.event_handler.log_command:Invoking command in '/home/ubuntu/ws_blue/src/slam-wrapper-v2/build/ros2_orb_slam3': CMAKE_PREFIX_PATH=${CMAKE_PREFIX_PATH}:/home/ubuntu/ws_blue/install/blue_localization:/opt/ros/jazzy DEBUGINFOD_URLS=https://debuginfod.ubuntu.com VIRTUAL_ENV_PROMPT=(blue) /usr/bin/cmake --install /home/ubuntu/ws_blue/src/slam-wrapper-v2/build/ros2_orb_slam3
[23.225s] Level 1:colcon.colcon_core.environment:create_environment_scripts_only(ros2_orb_slam3)
[23.226s] DEBUG:colcon.colcon_core.event_handler.log_command:Invoked command in '/home/ubuntu/ws_blue/src/slam-wrapper-v2/build/ros2_orb_slam3' returned '0': CMAKE_PREFIX_PATH=${CMAKE_PREFIX_PATH}:/home/ubuntu/ws_blue/install/blue_localization:/opt/ros/jazzy DEBUGINFOD_URLS=https://debuginfod.ubuntu.com VIRTUAL_ENV_PROMPT=(blue) /usr/bin/cmake --install /home/ubuntu/ws_blue/src/slam-wrapper-v2/build/ros2_orb_slam3
[23.230s] Level 1:colcon.colcon_core.environment:checking '/home/ubuntu/ws_blue/src/slam-wrapper-v2/install/ros2_orb_slam3' for CMake module files
[23.230s] Level 1:colcon.colcon_core.environment:checking '/home/ubuntu/ws_blue/src/slam-wrapper-v2/install/ros2_orb_slam3' for CMake config files
[23.231s] Level 1:colcon.colcon_core.shell:create_environment_hook('ros2_orb_slam3', 'cmake_prefix_path')
[23.231s] INFO:colcon.colcon_core.shell:Creating environment hook '/home/ubuntu/ws_blue/src/slam-wrapper-v2/install/ros2_orb_slam3/share/ros2_orb_slam3/hook/cmake_prefix_path.ps1'
[23.232s] INFO:colcon.colcon_core.shell:Creating environment descriptor '/home/ubuntu/ws_blue/src/slam-wrapper-v2/install/ros2_orb_slam3/share/ros2_orb_slam3/hook/cmake_prefix_path.dsv'
[23.232s] INFO:colcon.colcon_core.shell:Creating environment hook '/home/ubuntu/ws_blue/src/slam-wrapper-v2/install/ros2_orb_slam3/share/ros2_orb_slam3/hook/cmake_prefix_path.sh'
[23.233s] Level 1:colcon.colcon_core.environment:checking '/home/ubuntu/ws_blue/src/slam-wrapper-v2/install/ros2_orb_slam3/lib'
[23.233s] Level 1:colcon.colcon_core.shell:create_environment_hook('ros2_orb_slam3', 'ld_library_path_lib')
[23.233s] INFO:colcon.colcon_core.shell:Creating environment hook '/home/ubuntu/ws_blue/src/slam-wrapper-v2/install/ros2_orb_slam3/share/ros2_orb_slam3/hook/ld_library_path_lib.ps1'
[23.233s] INFO:colcon.colcon_core.shell:Creating environment descriptor '/home/ubuntu/ws_blue/src/slam-wrapper-v2/install/ros2_orb_slam3/share/ros2_orb_slam3/hook/ld_library_path_lib.dsv'
[23.233s] INFO:colcon.colcon_core.shell:Creating environment hook '/home/ubuntu/ws_blue/src/slam-wrapper-v2/install/ros2_orb_slam3/share/ros2_orb_slam3/hook/ld_library_path_lib.sh'
[23.234s] Level 1:colcon.colcon_core.environment:checking '/home/ubuntu/ws_blue/src/slam-wrapper-v2/install/ros2_orb_slam3/bin'
[23.234s] Level 1:colcon.colcon_core.environment:checking '/home/ubuntu/ws_blue/src/slam-wrapper-v2/install/ros2_orb_slam3/lib/pkgconfig/ros2_orb_slam3.pc'
[23.236s] Level 1:colcon.colcon_core.environment:checking '/home/ubuntu/ws_blue/src/slam-wrapper-v2/install/ros2_orb_slam3/lib/python3.12/site-packages'
[23.236s] Level 1:colcon.colcon_core.shell:create_environment_hook('ros2_orb_slam3', 'pythonpath')
[23.236s] INFO:colcon.colcon_core.shell:Creating environment hook '/home/ubuntu/ws_blue/src/slam-wrapper-v2/install/ros2_orb_slam3/share/ros2_orb_slam3/hook/pythonpath.ps1'
[23.236s] INFO:colcon.colcon_core.shell:Creating environment descriptor '/home/ubuntu/ws_blue/src/slam-wrapper-v2/install/ros2_orb_slam3/share/ros2_orb_slam3/hook/pythonpath.dsv'
[23.236s] INFO:colcon.colcon_core.shell:Creating environment hook '/home/ubuntu/ws_blue/src/slam-wrapper-v2/install/ros2_orb_slam3/share/ros2_orb_slam3/hook/pythonpath.sh'
[23.237s] Level 1:colcon.colcon_core.environment:checking '/home/ubuntu/ws_blue/src/slam-wrapper-v2/install/ros2_orb_slam3/bin'
[23.237s] INFO:colcon.colcon_core.shell:Creating package script '/home/ubuntu/ws_blue/src/slam-wrapper-v2/install/ros2_orb_slam3/share/ros2_orb_slam3/package.ps1'
[23.238s] INFO:colcon.colcon_core.shell:Creating package descriptor '/home/ubuntu/ws_blue/src/slam-wrapper-v2/install/ros2_orb_slam3/share/ros2_orb_slam3/package.dsv'
[23.238s] INFO:colcon.colcon_core.shell:Creating package script '/home/ubuntu/ws_blue/src/slam-wrapper-v2/install/ros2_orb_slam3/share/ros2_orb_slam3/package.sh'
[23.239s] INFO:colcon.colcon_core.shell:Creating package script '/home/ubuntu/ws_blue/src/slam-wrapper-v2/install/ros2_orb_slam3/share/ros2_orb_slam3/package.bash'
[23.240s] INFO:colcon.colcon_core.shell:Creating package script '/home/ubuntu/ws_blue/src/slam-wrapper-v2/install/ros2_orb_slam3/share/ros2_orb_slam3/package.zsh'
[23.240s] Level 1:colcon.colcon_core.environment:create_file_with_runtime_dependencies(/home/ubuntu/ws_blue/src/slam-wrapper-v2/install/ros2_orb_slam3/share/colcon-core/packages/ros2_orb_slam3)
[23.241s] Level 1:colcon.colcon_core.environment:create_environment_scripts_only(ros2_orb_slam3)
[23.241s] Level 1:colcon.colcon_core.environment:checking '/home/ubuntu/ws_blue/src/slam-wrapper-v2/install/ros2_orb_slam3' for CMake module files
[23.241s] Level 1:colcon.colcon_core.environment:checking '/home/ubuntu/ws_blue/src/slam-wrapper-v2/install/ros2_orb_slam3' for CMake config files
[23.241s] Level 1:colcon.colcon_core.shell:create_environment_hook('ros2_orb_slam3', 'cmake_prefix_path')
[23.241s] INFO:colcon.colcon_core.shell:Creating environment hook '/home/ubuntu/ws_blue/src/slam-wrapper-v2/install/ros2_orb_slam3/share/ros2_orb_slam3/hook/cmake_prefix_path.ps1'
[23.242s] INFO:colcon.colcon_core.shell:Creating environment descriptor '/home/ubuntu/ws_blue/src/slam-wrapper-v2/install/ros2_orb_slam3/share/ros2_orb_slam3/hook/cmake_prefix_path.dsv'
[23.242s] INFO:colcon.colcon_core.shell:Creating environment hook '/home/ubuntu/ws_blue/src/slam-wrapper-v2/install/ros2_orb_slam3/share/ros2_orb_slam3/hook/cmake_prefix_path.sh'
[23.242s] Level 1:colcon.colcon_core.environment:checking '/home/ubuntu/ws_blue/src/slam-wrapper-v2/install/ros2_orb_slam3/lib'
[23.242s] Level 1:colcon.colcon_core.shell:create_environment_hook('ros2_orb_slam3', 'ld_library_path_lib')
[23.243s] INFO:colcon.colcon_core.shell:Creating environment hook '/home/ubuntu/ws_blue/src/slam-wrapper-v2/install/ros2_orb_slam3/share/ros2_orb_slam3/hook/ld_library_path_lib.ps1'
[23.243s] INFO:colcon.colcon_core.shell:Creating environment descriptor '/home/ubuntu/ws_blue/src/slam-wrapper-v2/install/ros2_orb_slam3/share/ros2_orb_slam3/hook/ld_library_path_lib.dsv'
[23.243s] INFO:colcon.colcon_core.shell:Creating environment hook '/home/ubuntu/ws_blue/src/slam-wrapper-v2/install/ros2_orb_slam3/share/ros2_orb_slam3/hook/ld_library_path_lib.sh'
[23.243s] Level 1:colcon.colcon_core.environment:checking '/home/ubuntu/ws_blue/src/slam-wrapper-v2/install/ros2_orb_slam3/bin'
[23.244s] Level 1:colcon.colcon_core.environment:checking '/home/ubuntu/ws_blue/src/slam-wrapper-v2/install/ros2_orb_slam3/lib/pkgconfig/ros2_orb_slam3.pc'
[23.244s] Level 1:colcon.colcon_core.environment:checking '/home/ubuntu/ws_blue/src/slam-wrapper-v2/install/ros2_orb_slam3/lib/python3.12/site-packages'
[23.244s] Level 1:colcon.colcon_core.shell:create_environment_hook('ros2_orb_slam3', 'pythonpath')
[23.244s] INFO:colcon.colcon_core.shell:Creating environment hook '/home/ubuntu/ws_blue/src/slam-wrapper-v2/install/ros2_orb_slam3/share/ros2_orb_slam3/hook/pythonpath.ps1'
[23.244s] INFO:colcon.colcon_core.shell:Creating environment descriptor '/home/ubuntu/ws_blue/src/slam-wrapper-v2/install/ros2_orb_slam3/share/ros2_orb_slam3/hook/pythonpath.dsv'
[23.244s] INFO:colcon.colcon_core.shell:Creating environment hook '/home/ubuntu/ws_blue/src/slam-wrapper-v2/install/ros2_orb_slam3/share/ros2_orb_slam3/hook/pythonpath.sh'
[23.245s] Level 1:colcon.colcon_core.environment:checking '/home/ubuntu/ws_blue/src/slam-wrapper-v2/install/ros2_orb_slam3/bin'
[23.245s] INFO:colcon.colcon_core.shell:Creating package script '/home/ubuntu/ws_blue/src/slam-wrapper-v2/install/ros2_orb_slam3/share/ros2_orb_slam3/package.ps1'
[23.246s] INFO:colcon.colcon_core.shell:Creating package descriptor '/home/ubuntu/ws_blue/src/slam-wrapper-v2/install/ros2_orb_slam3/share/ros2_orb_slam3/package.dsv'
[23.246s] INFO:colcon.colcon_core.shell:Creating package script '/home/ubuntu/ws_blue/src/slam-wrapper-v2/install/ros2_orb_slam3/share/ros2_orb_slam3/package.sh'
[23.246s] INFO:colcon.colcon_core.shell:Creating package script '/home/ubuntu/ws_blue/src/slam-wrapper-v2/install/ros2_orb_slam3/share/ros2_orb_slam3/package.bash'
[23.247s] INFO:colcon.colcon_core.shell:Creating package script '/home/ubuntu/ws_blue/src/slam-wrapper-v2/install/ros2_orb_slam3/share/ros2_orb_slam3/package.zsh'
[23.247s] Level 1:colcon.colcon_core.environment:create_file_with_runtime_dependencies(/home/ubuntu/ws_blue/src/slam-wrapper-v2/install/ros2_orb_slam3/share/colcon-core/packages/ros2_orb_slam3)
[23.252s] DEBUG:colcon.colcon_parallel_executor.executor.parallel:closing loop
[23.252s] DEBUG:colcon.colcon_parallel_executor.executor.parallel:loop closed
[23.252s] DEBUG:colcon.colcon_parallel_executor.executor.parallel:run_until_complete finished with '0'
[23.252s] DEBUG:colcon.colcon_core.event_reactor:joining thread
[23.773s] INFO:colcon.colcon_core.plugin_system:Skipping extension 'colcon_notification.desktop_notification.notify_send': Could not find 'notify-send'
[23.773s] INFO:colcon.colcon_core.plugin_system:Skipping extension 'colcon_notification.desktop_notification.terminal_notifier': Not used on non-Darwin systems
[23.773s] INFO:colcon.colcon_core.plugin_system:Skipping extension 'colcon_notification.desktop_notification.win32': Not used on non-Windows systems
[23.773s] INFO:colcon.colcon_notification.desktop_notification:Sending desktop notification using 'notify2'
[23.779s] DEBUG:colcon.colcon_notification.desktop_notification.notify2:Failed to initialize notify2: org.freedesktop.DBus.Error.Spawn.ExecFailed: /usr/bin/dbus-launch terminated abnormally without any error message
[23.780s] DEBUG:colcon.colcon_core.event_reactor:joined thread
[23.780s] INFO:colcon.colcon_core.shell:Creating prefix script '/home/ubuntu/ws_blue/src/slam-wrapper-v2/install/local_setup.ps1'
[23.781s] INFO:colcon.colcon_core.shell:Creating prefix util module '/home/ubuntu/ws_blue/src/slam-wrapper-v2/install/_local_setup_util_ps1.py'
[23.782s] INFO:colcon.colcon_core.shell:Creating prefix chain script '/home/ubuntu/ws_blue/src/slam-wrapper-v2/install/setup.ps1'
[23.787s] INFO:colcon.colcon_core.shell:Creating prefix script '/home/ubuntu/ws_blue/src/slam-wrapper-v2/install/local_setup.sh'
[23.788s] INFO:colcon.colcon_core.shell:Creating prefix util module '/home/ubuntu/ws_blue/src/slam-wrapper-v2/install/_local_setup_util_sh.py'
[23.788s] INFO:colcon.colcon_core.shell:Creating prefix chain script '/home/ubuntu/ws_blue/src/slam-wrapper-v2/install/setup.sh'
[23.790s] INFO:colcon.colcon_core.shell:Creating prefix script '/home/ubuntu/ws_blue/src/slam-wrapper-v2/install/local_setup.bash'
[23.791s] INFO:colcon.colcon_core.shell:Creating prefix chain script '/home/ubuntu/ws_blue/src/slam-wrapper-v2/install/setup.bash'
[23.793s] INFO:colcon.colcon_core.shell:Creating prefix script '/home/ubuntu/ws_blue/src/slam-wrapper-v2/install/local_setup.zsh'
[23.793s] INFO:colcon.colcon_core.shell:Creating prefix chain script '/home/ubuntu/ws_blue/src/slam-wrapper-v2/install/setup.zsh'
